// Jest Snapshot v1, https://goo.gl/fbAQLP

exports[`<CategoryMenu /> should mount with active link properly 1`] = `
<nav
  className="category-menu text-center my-4"
>
  <ul
    className="category-menu__list"
  >
    <li
      className="category-menu__item"
      key="husky"
    >
      <NavLink
        activeClassName="category-menu__link--active"
        className="category-menu__link"
        to="/feed/husky"
      >
        <Link
          aria-current="page"
          className="category-menu__link category-menu__link--active"
          style={Object {}}
          to="/feed/husky"
        >
          <a
            aria-current="page"
            className="category-menu__link category-menu__link--active"
            href="/feed/husky"
            onClick={[Function]}
            style={Object {}}
          >
            Husky
          </a>
        </Link>
      </NavLink>
    </li>
    <li
      className="category-menu__item"
      key="labrador"
    >
      <NavLink
        activeClassName="category-menu__link--active"
        className="category-menu__link"
        to="/feed/labrador"
      >
        <Link
          aria-current={null}
          className="category-menu__link"
          to="/feed/labrador"
        >
          <a
            aria-current={null}
            className="category-menu__link"
            href="/feed/labrador"
            onClick={[Function]}
          >
            Labrador
          </a>
        </Link>
      </NavLink>
    </li>
    <li
      className="category-menu__item"
      key="hound"
    >
      <NavLink
        activeClassName="category-menu__link--active"
        className="category-menu__link"
        to="/feed/hound"
      >
        <Link
          aria-current={null}
          className="category-menu__link"
          to="/feed/hound"
        >
          <a
            aria-current={null}
            className="category-menu__link"
            href="/feed/hound"
            onClick={[Function]}
          >
            Hound
          </a>
        </Link>
      </NavLink>
    </li>
    <li
      className="category-menu__item"
      key="pug"
    >
      <NavLink
        activeClassName="category-menu__link--active"
        className="category-menu__link"
        to="/feed/pug"
      >
        <Link
          aria-current={null}
          className="category-menu__link"
          to="/feed/pug"
        >
          <a
            aria-current={null}
            className="category-menu__link"
            href="/feed/pug"
            onClick={[Function]}
          >
            Pug
          </a>
        </Link>
      </NavLink>
    </li>
  </ul>
</nav>
`;
